// Jest Snapshot v1, https://goo.gl/fbAQLP

exports[`<GameBanner /> should render correctly 1`] = `
<a
  class="relative rounded-lg overflow-hidden"
  href=""
>
  <img
    alt="game banner title"
    src="/img.jpg"
  />
  <div
    class="w-full pt-16 pb-4 px-4 bg-game-gradient absolute bottom-0 left-0 right-0"
  >
    <h2
      class="font-bold text-white block"
    >
      game banner title
    </h2>
    <span
      class="text-zinc-300 block "
    >
      1
       an√∫ncio(s)
    </span>
  </div>
</a>
`;
